// Jest Snapshot v1, https://goo.gl/fbAQLP

exports[`App component takes a snapshot test of App 1`] = `
<DocumentFragment>
  <button
    data-testid="before"
    disabled=""
  >
    undo
  </button>
  <button
    data-testid="after"
    disabled=""
  >
    redo
  </button>
  <input
    data-testid="current"
    id="current"
    type="color"
    value="#00FF00"
  />
  <div
    data-testid="display"
    style="background-color: rgb(0, 255, 0); width: 10rem; height: 10rem;"
  />
</DocumentFragment>
`;
